// Vitest Snapshot v1, https://vitest.dev/guide/snapshot.html

exports[`Accordion matches snapshot 1`] = `
<div
  className="wh-100 brs-8px bwh-0px tn-background-color-0p15s-ease dy-flex fdn-column"
  data-orientation="vertical"
  ref={[Function]}
  style={
    {
      "backgroundColor": "transparent",
    }
  }
/>
`;
