// Vitest Snapshot v1, https://vitest.dev/guide/snapshot.html

exports[`Avatar to match snapshot 1`] = `
<div
  className="wh-44px ht-44px wh-44px ht-44px brs-50 ow-hidden bwh-1px bsee-solid bcrr-transparent bcr-var--theme-primary tn-background-color-0p2s-ease-border-color-0p2s-ease-opacity-0p2s-ease dy-flex jct-center ais-center cror-pointer"
  data-role="avatar"
  onClick={[Function]}
  ref={[Function]}
>
  <img
    alt=""
    className="wh-44px ht-44px wh-44px ht-44px"
    onError={[Function]}
    ref={[Function]}
    src="https://d27jswm5an3efw.cloudfront.net/app/uploads/2019/07/insert-image-html.jpg"
    style={
      {
        "objectFit": "cover",
        "transition": "opacity 0.2s ease",
      }
    }
  />
</div>
`;
