// Jest Snapshot v1, https://goo.gl/fbAQLP

exports[`Avatar to match snapshot 1`] = `
<div
  className="wh-48px ht-48px dy-flex jct-center ais-center wh-48px ht-48px brs-50 ow-hidden bwh-1px bsee-solid bcrr- bcr- bsw-0px-2px-4px-rgba0-0-0-0p1 tn-all-0p2s-ease cror-pointer"
  onClick={[Function]}
  role="avatar"
>
  <img
    alt="IM"
    className="wh-48px ht-48px wh-48px ht-48px on-error---setImageErrortrue"
    onError={[Function]}
    src="https://d27jswm5an3efw.cloudfront.net/app/uploads/2019/07/insert-image-html.jpg"
    style={
      Object {
        "objectFit": "cover",
        "transition": "all 0.2s ease",
      }
    }
  />
</div>
`;
