// Jest Snapshot v1, https://goo.gl/fbAQLP

exports[`Checkbox to match snapshot 1`] = `
<div
  className="dy-flex fdn-row fwp-nowrap gp-15px ais-center wh-100"
  id="combo"
  role="combobox"
>
  <div
    className="pn-relative"
  >
    <div
      className="dy-flex fdn-row cror-pointer bcr- bsw-rgba0-0-0-0p16-0px-1px-4px pg-12px ais-center brs-4px jct-space-between mwh-300px fwp-nowrap"
    >
      <div
        className="dy-flex fdn-row gp-15px ais-center pn-relative wh-100 cror-pointer"
        onClick={[Function]}
      >
        <div
          className="fse-14px lht-20px fwt-500 lsg--0p01em tdn-none cr- fgw-1"
          fontStyle="normal"
        >
          Option 1
        </div>
      </div>
    </div>
  </div>
</div>
`;
