// Jest Snapshot v1, https://goo.gl/fbAQLP

exports[`CountryPicker component CountryPicker to match snapshot 1`] = `
<div
  className="dy-flex fdn-column gp-8px pn-relative wh-100 cror-pointer"
  onClick={[Function]}
>
  <div
    className="dy-flex fdn-row gp-8px wh-100 fwp-nowrap ais-center jct-space-between mbm-2px bsee-solid bcrr- bcr- fse-20px cror-text oy-1 tn-border-color-0p2s-ease-box-shadow-0p2s-ease ptp-12px pbm-12px plt-16px prt-16px mobile--ptp-10px mobile--pbm-10px mobile--plt-12px mobile--prt-12px brs-9999px bwh-1px cr- bcrr---hover bcrr---focus outline-none--focus bsw-0-0-0-2px-rgba255-255-255-1-0-0-0-4px-rgba66-153-225-0p2--focus bcrr---focus-visible outline-none--focus-visible bsw-0-0-0-2px-rgba255-255-255-1-0-0-0-4px-rgba66-153-225-0p2--focus-visible"
    onMouseEnter={[Function]}
    onMouseLeave={[Function]}
  >
    <div
      className="dy-flex fdn-column wh-100 mwhh-100 pn-relative"
    >
      <input
        autoFocus={true}
        className="plt-0px prt-0px ptp-8px pbm-8px mn-0px pvl-8 phl-0 wh-100 br-none outline-none--focus fse-20px bcr- cr- cror-pointer"
        disabled={false}
        heigth="100%"
        name="name"
        onBlur={[Function]}
        onChange={[Function]}
        onFocus={[Function]}
        placeholder="Name"
        readOnly={false}
        type="country"
        value="Name"
      />
    </div>
    <div
      className="dy-flex jct-center ais-center gp-10px rt-10px zix-500 fwp-nowrap"
    >
      <div
        className="wh-16px ht-16px dy-flex jct-center ais-center wht-16 lht-16px tm-rotate180deg"
        style={
          Object {
            "width": 0.2,
          }
        }
      >
        <svg
          aria-hidden="true"
          fill=""
          focusable="false"
          stroke="none"
          strokeLinecap="round"
          strokeLinejoin="round"
          strokeWidth={1}
          viewBox="0 0 24 24"
        >
          <path
            d="M7.41 15.41L12 10.83L16.59 15.41L18 14L12 8L6 14L7.41 15.41Z"
            fill="currentColor"
          />
        </svg>
      </div>
    </div>
  </div>
  <div
    className="mlt-0px mrt-0px fse-10px lht-14px fwt-500 lsg--0p01em tdn-none cr- mtp-4px mhl-0 tn-all-0p2s-ease"
    fontStyle="normal"
  />
</div>
`;
