// Jest Snapshot v1, https://goo.gl/fbAQLP

exports[`CountryPicker component CountryPicker to match snapshot 1`] = `
<div
  className="sc-bdfCDU bChUJt"
  display="flex"
  flexDirection="column"
  flexWrap="nowrap"
  gap={5}
  justifyContent="flex-start"
  onClick={[Function]}
  position="relative"
>
  <div
    alignItems="center"
    backgroundColor="trueGray.50"
    borderColor="error"
    borderRadius={24}
    borderStyle="solid"
    borderWidth={1}
    className="sc-bdfCDU drLOlu"
    color="theme.primary"
    cursor="pointer"
    display="flex"
    filter="brightness(1)"
    flexDirection="row"
    flexWrap="nowrap"
    fontSize={20}
    gap={10}
    justifyContent="space-between"
    onMouseEnter={[Function]}
    onMouseLeave={[Function]}
    paddingLeft={16}
    paddingRight={35}
    paddingVertical={8}
    transition="padding 0.2s ease"
    width="100%"
  >
    <div
      className="sc-bdfCDU jCBzwc"
      display="flex"
      flexDirection="column"
      flexWrap="nowrap"
      justifyContent="flex-start"
      width="100%"
    >
      <input
        autoFocus={true}
        backgroundColor="transparent"
        border="none"
        className="sc-bdfCDU cbFLIy"
        color="color.blueGray.700"
        cursor="auto"
        disabled={false}
        fontSize={20}
        heigth="100%"
        margin={0}
        name="name"
        on={
          Object {
            "focus": Object {
              "outline": "none",
            },
          }
        }
        onBlur={[Function]}
        onChange={[Function]}
        onFocus={[Function]}
        paddingHorizonatl={0}
        paddingVerical={8}
        placeholder="Name"
        readOnly={false}
        type="country"
        value="Name"
        width="100%"
      />
    </div>
    <div
      alignItems="center"
      className="sc-bdfCDU gYnDEY"
      display="flex"
      flexWrap="nowrap"
      gap={10}
      justifyContent="center"
      position="absolute"
      right={16}
      top="50%"
      transform="translateY(-50%)"
      zIndex={500}
    >
      <div
        alignItems="center"
        className="sc-bdfCDU hcIsQh"
        display="flex"
        height="16px"
        justifyContent="center"
        width="16px"
      >
        <svg
          fill="#000000"
          style={
            Object {
              "width": 0.2,
            }
          }
          version="1.1"
          viewBox="0 -4.5 20 20"
        >
          <g
            id="SVGRepo_bgCarrier"
            strokeWidth="0"
          />
          <g
            id="SVGRepo_tracerCarrier"
            strokeLinecap="round"
            strokeLinejoin="round"
          />
          <g
            id="SVGRepo_iconCarrier"
          >
            <title>
              arrow_down [#338]
            </title>
             
            <desc>
              Created with Sketch.
            </desc>
            <defs>
               
            </defs>
            <g
              fill="none"
              fillRule="evenodd"
              id="Page-1"
              stroke="none"
              strokeWidth="1"
            >
              <g
                fill="#000000"
                id="Dribbble-Light-Preview"
                transform="translate(-220.000000, -6684.000000)"
              >
                <g
                  id="icons"
                  transform="translate(56.000000, 160.000000)"
                >
                  <path
                    d="M164.292308,6524.36583 L164.292308,6524.36583 C163.902564,6524.77071 163.902564,6525.42619 164.292308,6525.83004 L172.555873,6534.39267 C173.33636,6535.20244 174.602528,6535.20244 175.383014,6534.39267 L183.70754,6525.76791 C184.093286,6525.36716 184.098283,6524.71997 183.717533,6524.31405 C183.328789,6523.89985 182.68821,6523.89467 182.29347,6524.30266 L174.676479,6532.19636 C174.285736,6532.60124 173.653152,6532.60124 173.262409,6532.19636 L165.705379,6524.36583 C165.315635,6523.96094 164.683051,6523.96094 164.292308,6524.36583"
                    id="arrow_down-[#338]"
                  />
                </g>
              </g>
            </g>
          </g>
        </svg>
      </div>
    </div>
  </div>
  <div
    className="sc-bdfCDU VdVeV"
    color="theme.error"
    dropDown={
      Object {
        "backgrounColor": "theme.primary",
      }
    }
    fontSize={12}
    fontStyle="normal"
    fontWeight={400}
    helperText={
      Object {
        "color": "red",
      }
    }
    icon={
      Object {
        "width": 0.2,
      }
    }
    label={
      Object {
        "fontSize": 15,
      }
    }
    lineHeight={12}
    marginHorizontal={0}
    marginVertical={0}
    role="text"
    text={
      Object {
        "color": "theme.primary",
      }
    }
    textDecoration="none"
  >
    required
  </div>
</div>
`;
