// Vitest Snapshot v1, https://vitest.dev/guide/snapshot.html

exports[`DragAndDrop matches snapshot 1`] = `
<div
  className="ow-hidden pn-relative"
  ref={[Function]}
>
  <div
    className="pn-relative cror-grab tn-transform-0p2s"
    onMouseDown={[Function]}
    onTouchStart={[Function]}
    ref={[Function]}
  >
    <div>
      Item 1
    </div>
  </div>
  <div
    className="pn-relative cror-grab tn-transform-0p2s"
    onMouseDown={[Function]}
    onTouchStart={[Function]}
    ref={[Function]}
  >
    <div>
      Item 2
    </div>
  </div>
</div>
`;
