// Jest Snapshot v1, https://goo.gl/fbAQLP

exports[`Horizontal layout to match snapshot 1`] = `
<div
  className="sc-bdfCDU krrJWc"
  display="flex"
  flexDirection="row"
  flexWrap="wrap"
  justifyContent="space-between"
  onClick={[Function]}
>
  <div
    backgroundColor="theme.primary"
    className="sc-bdfCDU dffHnx"
    height={50}
    onClick={[Function]}
    width={50}
  />
  <div
    backgroundColor="theme.secondary"
    className="sc-bdfCDU dffHnx"
    height={50}
    onClick={[Function]}
    width={50}
  />
  <div
    backgroundColor="theme.warning"
    className="sc-bdfCDU dffHnx"
    height={50}
    onClick={[Function]}
    width={50}
  />
</div>
`;
