// Jest Snapshot v1, https://goo.gl/fbAQLP

exports[`Modal body to match snapshot 1`] = `
<div
  borderBottomWidth={2}
  borderColor="rgba(250, 250, 250, 1)"
  borderStyle="solid"
  borderTopWidth={2}
  buttonColor="black"
  className="sc-bdfCDU iMdcdr"
  onClick={[Function]}
  overflowY="auto"
  paddingHorizontal={20}
  paddingVertical={15}
>
  Modal Content
</div>
`;
