// Jest Snapshot v1, https://goo.gl/fbAQLP

exports[`Modal Overlay to match snapshot 1`] = `
<div
  className="sc-bdfCDU ePQxSx"
  onClick={[Function]}
>
  <div
    className="sc-bdfCDU ihGwMi"
    onClick={[Function]}
  >
    <div
      className="sc-bdfCDU kVoWxR"
      onClick={[Function]}
    >
      Modal Content
    </div>
  </div>
</div>
`;
