// Jest Snapshot v1, https://goo.gl/fbAQLP

exports[`Modal Overlay to match snapshot 1`] = `
<div
  className="sc-aXZVg fHXWtx"
  display="flex"
  height="100%"
  onClick={[Function]}
  visibility="visible"
  width="100%"
>
  <div
    className="sc-aXZVg ijyIBO"
    cursor="pointer"
    display="flex"
    height="100vh"
    onClick={[Function]}
    width="100vw"
  >
    <div
      className="sc-aXZVg kxQuqZ"
      cursor="default"
      display="flex"
      height="fit-content"
      onClick={[Function]}
      overflow="hidden"
      width={600}
    >
      Modal Content
    </div>
  </div>
</div>
`;
