// Vitest Snapshot v1, https://vitest.dev/guide/snapshot.html

exports[`Modal footer to match snapshot 1`] = `
<div
  className="plt-24px prt-24px ptp-16px pbm-16px mtp-auto ais-center jct-flex-end pvl-16 phl-24 btwh-1px btse-solid btcr-var--color-gray-200 gp-12px mobile--gp-8px mobile--plt-16px mobile--prt-16px mobile--ptp-12px mobile--pbm-12px dy-flex fdn-row"
  ref={[Function]}
>
  Modal Content
</div>
`;
