// Jest Snapshot v1, https://goo.gl/fbAQLP

exports[`Modal Container to match snapshot 1`] = `
<div
  className="wh-100 ht-100 dy-flex fdn-column cror-default bcr- wh-100 ht-100 tn-all-0p3s-ease bsw-none brs-8px mobile--wh-90 mobile--mwhh-100 mobile--mn-16px"
  onClick={[Function]}
  role="container"
>
  <div>
    Modal Content
  </div>
</div>
`;
