// Vitest Snapshot v1, https://vitest.dev/guide/snapshot.html

exports[`Password to match snapshot 1`] = `
<div
  className="mtp-0px mbm-0px gp-4px pn-relative wh-100 bsgg-border-box mvl-0 dy-flex fdn-column"
  ref={[Function]}
>
  <div
    className="gp-8px wh-100 bsgg-border-box dy-flex fwp-nowrap ais-center jct-flex-start bsee-solid bcrr-var--color-gray-200 bcr-red fse-20px cror-text oy-1 tn-border-color-0p2s-ease-box-shadow-0p2s-ease-background-color-0p2s-ease mht-56px ptp-13px pbm-13px plt-16px prt-16px brs-8px bwh-1px cr-var--theme-primary bcrr-var--color-gray-300--hover bcrr-var--theme-primary--focus oe-none--focus bsw-0-0-0-3px-var--theme-primary--focus bcrr-var--theme-primary--focus-visible oe-none--focus-visible bsw-0-0-0-3px-var--theme-primary--focus-visible fdn-row"
    onMouseEnter={[Function]}
    onMouseLeave={[Function]}
    ref={[Function]}
  >
    <div
      className="dy-flex fdn-column gp-4px fx-1 wh-100 mwhh-100 bsgg-border-box"
      ref={[Function]}
    >
      <input
        autoComplete="off"
        autoFocus={true}
        className="plt-0px prt-0px ptp-0px pbm-0px mn-0px pvl-0 phl-0 wh-100 mht-auto br-none bcr-red fse-18px lsg--0p01em fwt-400 cr-var--color-gray-900 cror-text oy-1 tn-color-0p2s-ease-opacity-0p2s-ease opacity-0p7-focus--placeholder oe-none--focus cr-var--color-gray-400--placeholder oy-1--placeholder tn-opacity-0p2s-ease-out--placeholder bcr-var--color-mixin-srgb-var--theme-primary-20-transparent--selection bsw-0-0-0-1000px-var--var--theme-canvas-inset---webkit-autofill wbsw-0-0-0-1000px-var--var--theme-canvas-inset---webkit-autofill wtfcr-var--theme-text---webkit-autofill tn-background-color-5000s-ease-in-out-0s---webkit-autofill vy-hidden---webkit-contacts-auto-fill-button pes-none---webkit-contacts-auto-fill-button pn-absolute---webkit-contacts-auto-fill-button rt-0px---webkit-contacts-auto-fill-button"
        disabled={false}
        name="name"
        onBlur={[Function]}
        onChange={[Function]}
        onFocus={[Function]}
        placeholder="Name"
        readOnly={false}
        ref={[Function]}
        type="password"
      />
    </div>
    <div
      className="wh-20px ht-20px dy-flex ais-center jct-center wh-20px ht-20px mwh-20px cr-var--color-gray-500 cror-pointer tn-color-0p2s-ease"
      onClick={[Function]}
      ref={[Function]}
    >
      <div
        className="wh-18px ht-18px wht-18 cr-currentColor dy-flex ais-center jct-center tm-rotate0deg"
        ref={[Function]}
      />
    </div>
  </div>
  <span
    className="mlt-0px mrt-0px fsee-normal tdn-none fse-11px lht-16px mtp-0px mhl-0 fwt-500 cr-var--color-red-500 tn-color-0p2s-ease-opacity-0p2s-ease"
    ref={[Function]}
    style={{}}
  />
</div>
`;
