// Jest Snapshot v1, https://goo.gl/fbAQLP

exports[`Switch to match snapshot 1`] = `
<label
  className="wh-fit-content ht-fit-content wh-fit-content fse-sm fwt-400 tdn-none gp-12px dy-flex ht-fit-content ais-center cror-default oy-1 tn-all-0p2s-ease"
  fontStyle="normal"
  onMouseEnter={[Function]}
  onMouseLeave={[Function]}
>
  <input
    checked={false}
    className="wh-0px ht-0px oy-0 wh-0px ht-0px"
    disabled={false}
    name="name"
    onChange={[Function]}
    readOnly={true}
    type="checkbox"
  />
  <div
    className="plt-4px prt-4px ptp-4px pbm-4px dy-flex ais-center jct-flex-start mbm-4px brs-9999px bcr- ow-hidden cror-pointer tn-all-0p3s-cubic-bezier0p4-0-0p2-1 bsw-rgb249-115-22-0px-4px-14px-0px pvl-4 phl-4 ht-32px wh-68px"
  >
    <div
      className="wh-24px ht-24px brs-50 bcr- bsw-0-1px-2px-rgba0-0-0-0p1 tn-all-0p3s-cubic-bezier0p4-0-0p2-1 zix-1 ht-24px wh-24px"
    />
  </div>
</label>
`;
