// Jest Snapshot v1, https://goo.gl/fbAQLP

exports[`TextArea to match snapshot 1`] = `
<div
  className="sc-bdfCDU fuoWwh"
  display="flex"
  flexDirection="column"
  flexWrap="nowrap"
  gap={5}
  justifyContent="flex-start"
  position="relative"
>
  <div
    alignItems="center"
    backgroundColor="red"
    borderBottomLeftRadius={0}
    borderBottomRightRadius={0}
    borderColor="error"
    borderStyle="solid"
    borderTopLeftRadius={6}
    borderTopRightRadius={6}
    borderWidth={1}
    className="sc-bdfCDU iGHSMT"
    color="theme.primary"
    cursor="pointer"
    display="flex"
    filter="brightness(1)"
    flexDirection="row"
    flexWrap="nowrap"
    fontSize={20}
    gap={10}
    justifyContent="space-between"
    onMouseEnter={[Function]}
    onMouseLeave={[Function]}
    paddingLeft={16}
    paddingRight={35}
    paddingVertical={8}
    transition="padding 0.2s ease"
    width="100%"
  >
    <div
      className="sc-bdfCDU jCBzwc"
      display="flex"
      flexDirection="column"
      flexWrap="nowrap"
      justifyContent="flex-start"
      width="100%"
    >
      <textarea
        autoFocus={false}
        backgroundColor="red"
        border="none"
        className="sc-bdfCDU csTWjI"
        color="blueGray.700"
        cols={35}
        cursor="auto"
        disabled={false}
        editable={false}
        fontSize={20}
        heigth="100%"
        margin={0}
        multiline={false}
        name="name"
        on={
          Object {
            "focus": Object {
              "outline": "none",
            },
          }
        }
        onBlur={[Function]}
        onChange={[Function]}
        onFocus={[Function]}
        paddingHorizontal={0}
        paddingVertical={8}
        placeholder="Name"
        readOnly={false}
        rows={3}
        value=""
        width="100%"
      />
    </div>
  </div>
  <div
    box={
      Object {
        "backgroundColor": "red",
      }
    }
    className="sc-bdfCDU VdVeV"
    color="theme.error"
    field={
      Object {
        "backgroundColor": "red",
      }
    }
    fontSize={12}
    fontStyle="normal"
    fontWeight={400}
    label={
      Object {
        "fontSize": 15,
      }
    }
    lineHeight={12}
    marginHorizontal={0}
    marginVertical={0}
    role="text"
    textDecoration="none"
  >
    required
  </div>
</div>
`;
