// Vitest Snapshot v1, https://vitest.dev/guide/snapshot.html

exports[`ToggleGroup Component > ToggleGroup to match snapshot 1`] = `
<div
  className="dy-flex gp-8px fwp-wrap fdn-row"
  ref={[Function]}
  role="ToggleGroup"
>
  <div
    className="pg-8px wh-fit-content cror-pointer brs-8px bcr-transparent cr-var--theme-primary bwh-0px bsee-none bcrr-transparent bcr-var--color-gray-50--hover bcr-var--color-gray-100--active tn-background-color-0p2s-ease-color-0p2s-ease dy-flex jct-center ais-center"
    onClick={[Function]}
    onMouseEnter={[Function]}
    onMouseLeave={[Function]}
    ref={[Function]}
    role="toggle-B"
  >
    <span
      className="fsee-normal tdn-none"
      ref={[Function]}
      style={{}}
    >
      B
    </span>
  </div>
  <div
    className="pg-8px wh-fit-content cror-pointer brs-8px bcr-var--color-blue-50 cr-var--theme-primary bwh-1px bsee-solid bcrr-var--color-blue-200 bcr-var--color-gray-50--hover bcr-var--color-gray-100--active tn-background-color-0p2s-ease-color-0p2s-ease dy-flex jct-center ais-center"
    onClick={[Function]}
    onMouseEnter={[Function]}
    onMouseLeave={[Function]}
    ref={[Function]}
    role="toggle-C"
  >
    <span
      className="fsee-normal tdn-none"
      ref={[Function]}
      style={{}}
    >
      C
    </span>
  </div>
  <div
    className="pg-8px wh-fit-content cror-not-allowed brs-8px bcr-transparent cr-var--theme-disabled bwh-0px bsee-none bcrr-transparent bcr-var--color-gray-50--hover bcr-var--color-gray-100--active tn-background-color-0p2s-ease-color-0p2s-ease dy-flex jct-center ais-center"
    onClick={[Function]}
    onMouseEnter={[Function]}
    onMouseLeave={[Function]}
    ref={[Function]}
    role="toggle-D"
  >
    <span
      className="fsee-normal tdn-none"
      ref={[Function]}
      style={{}}
    >
      D
    </span>
  </div>
</div>
`;
