// Jest Snapshot v1, https://goo.gl/fbAQLP

exports[`ToggleGroup Component ToggleGroup to match snapshot 1`] = `
<div
  className="dy-flex fdn-row gp-5px"
  role="ToggleGroup"
>
  <div
    className="dy-flex jct-center ais-center pg-8px wh-fit-content cror-pointer brs-4px bcr- bwh-0px bsee-none bcrr- tn-all-0p2s-ease cr---hover tm-translateY-1px--hover cr---active tm-translateY0--active"
    onClick={[Function]}
    onMouseEnter={[Function]}
    onMouseLeave={[Function]}
    role="toggle-B"
  >
    <div
      className="fse-14px lht-20px fwt-400 lsg--0p01em tdn-none"
      fontStyle="normal"
    >
      B
    </div>
  </div>
  <div
    className="dy-flex jct-center ais-center pg-8px wh-fit-content cror-pointer brs-4px cr- bwh-0px bsee-none bcrr- tn-all-0p2s-ease cr---hover tm-translateY-1px--hover cr---active tm-translateY0--active"
    onClick={[Function]}
    onMouseEnter={[Function]}
    onMouseLeave={[Function]}
    role="toggle-C"
  >
    <div
      className="fse-14px lht-20px fwt-400 lsg--0p01em tdn-none"
      fontStyle="normal"
    >
      C
    </div>
  </div>
  <div
    className="dy-flex jct-center ais-center pg-8px wh-fit-content cror-not-allowed brs-4px bcr- bwh-0px bsee-none bcrr- tn-all-0p2s-ease cr---hover tm-translateY-1px--hover cr---active tm-translateY0--active"
    onClick={[Function]}
    onMouseEnter={[Function]}
    onMouseLeave={[Function]}
    role="toggle-D"
  >
    <div
      className="fse-14px lht-20px fwt-400 lsg--0p01em tdn-none"
      fontStyle="normal"
    >
      D
    </div>
  </div>
</div>
`;
