// Jest Snapshot v1, https://goo.gl/fbAQLP

exports[`Vertical layout to match snapshot 1`] = `
<div
  className="sc-aXZVg bjAhdg"
  display="flex"
>
  <div
    className="sc-aXZVg iKQqOr"
    height={50}
    width={50}
  />
  <div
    className="sc-aXZVg aGRft"
    height={50}
    width={50}
  />
  <div
    className="sc-aXZVg eQfhcF"
    height={50}
    width={50}
  />
</div>
`;
